To honour the JVM settings for this build a single-use Daemon process will be forked. For more on this, please refer to https://docs.gradle.org/8.10.2/userguide/gradle_daemon.html#sec:disabling_the_daemon in the Gradle documentation.
Daemon will be stopped at the end of the build 
> Task :gradle-plugin:settings-plugin:checkKotlinGradlePluginConfigurationErrors
> Task :gradle-plugin:shared:checkKotlinGradlePluginConfigurationErrors
> Task :gradle-plugin:shared:compileKotlin UP-TO-DATE
> Task :gradle-plugin:shared:compileJava NO-SOURCE
> Task :gradle-plugin:shared:processResources NO-SOURCE
> Task :gradle-plugin:shared:classes UP-TO-DATE
> Task :gradle-plugin:shared:jar UP-TO-DATE
> Task :gradle-plugin:settings-plugin:compileKotlin UP-TO-DATE
> Task :gradle-plugin:settings-plugin:compileJava NO-SOURCE
> Task :gradle-plugin:settings-plugin:pluginDescriptors UP-TO-DATE
> Task :gradle-plugin:settings-plugin:processResources UP-TO-DATE
> Task :gradle-plugin:settings-plugin:classes UP-TO-DATE
> Task :gradle-plugin:settings-plugin:jar UP-TO-DATE
> Task :gradle-plugin:react-native-gradle-plugin:checkKotlinGradlePluginConfigurationErrors
> Task :gradle-plugin:react-native-gradle-plugin:compileKotlin UP-TO-DATE
> Task :gradle-plugin:react-native-gradle-plugin:compileJava NO-SOURCE
> Task :gradle-plugin:react-native-gradle-plugin:pluginDescriptors UP-TO-DATE
> Task :gradle-plugin:react-native-gradle-plugin:processResources UP-TO-DATE
> Task :gradle-plugin:react-native-gradle-plugin:classes UP-TO-DATE
> Task :gradle-plugin:react-native-gradle-plugin:jar UP-TO-DATE

> Configure project :react-native-reanimated
Android gradle plugin: 8.6.0
Gradle: 8.10.2

> Task :app:checkKotlinGradlePluginConfigurationErrors
> Task :app:generateAutolinkingPackageList
> Task :app:generateCodegenSchemaFromJavaScript SKIPPED
> Task :app:generateCodegenArtifactsFromSchema SKIPPED
> Task :app:generatePackageList
> Task :app:preBuild
> Task :app:preReleaseBuild
> Task :app:generateReleaseBuildConfig UP-TO-DATE
> Task :react-native-async-storage_async-storage:preBuild UP-TO-DATE
> Task :react-native-async-storage_async-storage:preReleaseBuild UP-TO-DATE
> Task :react-native-async-storage_async-storage:writeReleaseAarMetadata UP-TO-DATE
> Task :react-native-clipboard_clipboard:preBuild UP-TO-DATE
> Task :react-native-clipboard_clipboard:preReleaseBuild UP-TO-DATE
> Task :react-native-clipboard_clipboard:writeReleaseAarMetadata UP-TO-DATE
> Task :react-native-community_datetimepicker:preBuild UP-TO-DATE
> Task :react-native-community_datetimepicker:preReleaseBuild UP-TO-DATE
> Task :react-native-community_datetimepicker:writeReleaseAarMetadata UP-TO-DATE
> Task :react-native-community_netinfo:preBuild UP-TO-DATE
> Task :react-native-community_netinfo:preReleaseBuild UP-TO-DATE
> Task :react-native-community_netinfo:writeReleaseAarMetadata UP-TO-DATE
> Task :react-native-date-picker:preBuild UP-TO-DATE
> Task :react-native-date-picker:preReleaseBuild UP-TO-DATE
> Task :react-native-date-picker:writeReleaseAarMetadata UP-TO-DATE
> Task :react-native-document-picker:preBuild UP-TO-DATE
> Task :react-native-document-picker:preReleaseBuild UP-TO-DATE
> Task :react-native-document-picker:writeReleaseAarMetadata UP-TO-DATE
> Task :react-native-fs:preBuild UP-TO-DATE
> Task :react-native-fs:preReleaseBuild UP-TO-DATE
> Task :react-native-fs:writeReleaseAarMetadata UP-TO-DATE
> Task :react-native-gesture-handler:preBuild UP-TO-DATE
> Task :react-native-gesture-handler:preReleaseBuild UP-TO-DATE
> Task :react-native-html-to-pdf:preBuild UP-TO-DATE
> Task :react-native-html-to-pdf:preReleaseBuild UP-TO-DATE
> Task :react-native-html-to-pdf:writeReleaseAarMetadata UP-TO-DATE
> Task :react-native-image-crop-picker:preBuild UP-TO-DATE
> Task :react-native-image-crop-picker:preReleaseBuild UP-TO-DATE
> Task :react-native-image-crop-picker:writeReleaseAarMetadata UP-TO-DATE
> Task :react-native-image-picker:preBuild UP-TO-DATE
> Task :react-native-image-picker:preReleaseBuild UP-TO-DATE
> Task :react-native-image-picker:writeReleaseAarMetadata UP-TO-DATE
> Task :react-native-masked-view_masked-view:preBuild UP-TO-DATE
> Task :react-native-masked-view_masked-view:preReleaseBuild UP-TO-DATE
> Task :react-native-masked-view_masked-view:writeReleaseAarMetadata UP-TO-DATE
> Task :react-native-permissions:preBuild UP-TO-DATE
> Task :react-native-permissions:preReleaseBuild UP-TO-DATE
> Task :react-native-permissions:writeReleaseAarMetadata UP-TO-DATE
> Task :react-native-picker_picker:preBuild UP-TO-DATE
> Task :react-native-picker_picker:preReleaseBuild UP-TO-DATE
> Task :react-native-picker_picker:writeReleaseAarMetadata UP-TO-DATE
> Task :react-native-reanimated:assertLatestReactNativeWithNewArchitectureTask SKIPPED
> Task :react-native-reanimated:assertMinimalReactNativeVersionTask SKIPPED
> Task :react-native-gesture-handler:writeReleaseAarMetadata
> Task :react-native-reanimated:prepareReanimatedHeadersForPrefabs
> Task :react-native-reanimated:prepareWorkletsHeadersForPrefabs
> Task :react-native-reanimated:preBuild
> Task :react-native-reanimated:preReleaseBuild
> Task :react-native-safe-area-context:preBuild UP-TO-DATE
> Task :react-native-safe-area-context:preReleaseBuild UP-TO-DATE
> Task :react-native-reanimated:writeReleaseAarMetadata
> Task :react-native-safe-area-context:writeReleaseAarMetadata UP-TO-DATE
> Task :react-native-screens:preBuild UP-TO-DATE
> Task :react-native-screens:preReleaseBuild UP-TO-DATE
> Task :react-native-screens:writeReleaseAarMetadata UP-TO-DATE
> Task :react-native-sha256:preBuild UP-TO-DATE
> Task :react-native-sha256:preReleaseBuild UP-TO-DATE
> Task :react-native-sha256:writeReleaseAarMetadata UP-TO-DATE
> Task :react-native-vector-icons:preBuild UP-TO-DATE
> Task :react-native-vector-icons:preReleaseBuild UP-TO-DATE
> Task :react-native-vector-icons:writeReleaseAarMetadata UP-TO-DATE
> Task :app:checkReleaseAarMetadata
> Task :app:createBundleReleaseJsAndAssets UP-TO-DATE
> Task :app:generateReleaseResValues UP-TO-DATE
> Task :react-native-async-storage_async-storage:generateReleaseResValues UP-TO-DATE
> Task :react-native-async-storage_async-storage:generateReleaseResources UP-TO-DATE
> Task :react-native-async-storage_async-storage:packageReleaseResources UP-TO-DATE
> Task :react-native-clipboard_clipboard:generateReleaseResValues UP-TO-DATE
> Task :react-native-clipboard_clipboard:generateReleaseResources UP-TO-DATE
> Task :react-native-clipboard_clipboard:packageReleaseResources UP-TO-DATE
> Task :react-native-community_datetimepicker:generateReleaseResValues UP-TO-DATE
> Task :react-native-community_datetimepicker:generateReleaseResources UP-TO-DATE
> Task :react-native-community_datetimepicker:packageReleaseResources UP-TO-DATE
> Task :react-native-community_netinfo:generateReleaseResValues UP-TO-DATE
> Task :react-native-community_netinfo:generateReleaseResources UP-TO-DATE
> Task :react-native-community_netinfo:packageReleaseResources UP-TO-DATE
> Task :react-native-date-picker:generateReleaseResValues UP-TO-DATE
> Task :react-native-date-picker:generateReleaseResources UP-TO-DATE
> Task :react-native-date-picker:packageReleaseResources UP-TO-DATE
> Task :react-native-document-picker:generateReleaseResValues UP-TO-DATE
> Task :react-native-document-picker:generateReleaseResources UP-TO-DATE
> Task :react-native-document-picker:packageReleaseResources UP-TO-DATE
> Task :react-native-fs:generateReleaseResValues UP-TO-DATE
> Task :react-native-fs:generateReleaseResources UP-TO-DATE
> Task :react-native-fs:packageReleaseResources UP-TO-DATE
> Task :react-native-gesture-handler:generateReleaseResValues
> Task :react-native-gesture-handler:generateReleaseResources
> Task :react-native-gesture-handler:packageReleaseResources
> Task :react-native-html-to-pdf:generateReleaseResValues UP-TO-DATE
> Task :react-native-html-to-pdf:generateReleaseResources UP-TO-DATE
> Task :react-native-html-to-pdf:packageReleaseResources UP-TO-DATE
> Task :react-native-image-crop-picker:generateReleaseResValues UP-TO-DATE
> Task :react-native-image-crop-picker:generateReleaseResources UP-TO-DATE
> Task :react-native-image-crop-picker:packageReleaseResources UP-TO-DATE
> Task :react-native-image-picker:generateReleaseResValues UP-TO-DATE
> Task :react-native-image-picker:generateReleaseResources UP-TO-DATE
> Task :react-native-image-picker:packageReleaseResources UP-TO-DATE
> Task :react-native-masked-view_masked-view:generateReleaseResValues UP-TO-DATE
> Task :react-native-masked-view_masked-view:generateReleaseResources UP-TO-DATE
> Task :react-native-masked-view_masked-view:packageReleaseResources UP-TO-DATE
> Task :react-native-permissions:generateReleaseResValues UP-TO-DATE
> Task :react-native-permissions:generateReleaseResources UP-TO-DATE
> Task :react-native-permissions:packageReleaseResources UP-TO-DATE
> Task :react-native-picker_picker:generateReleaseResValues UP-TO-DATE
> Task :react-native-picker_picker:generateReleaseResources UP-TO-DATE
> Task :react-native-picker_picker:packageReleaseResources UP-TO-DATE
> Task :react-native-reanimated:generateReleaseResValues
> Task :react-native-reanimated:generateReleaseResources
> Task :react-native-reanimated:packageReleaseResources
> Task :react-native-safe-area-context:generateReleaseResValues UP-TO-DATE
> Task :react-native-safe-area-context:generateReleaseResources UP-TO-DATE
> Task :react-native-safe-area-context:packageReleaseResources UP-TO-DATE
> Task :react-native-screens:generateReleaseResValues UP-TO-DATE
> Task :react-native-screens:generateReleaseResources UP-TO-DATE
> Task :react-native-screens:packageReleaseResources UP-TO-DATE
> Task :react-native-sha256:generateReleaseResValues UP-TO-DATE
> Task :react-native-sha256:generateReleaseResources UP-TO-DATE
> Task :react-native-sha256:packageReleaseResources UP-TO-DATE
> Task :react-native-vector-icons:generateReleaseResValues UP-TO-DATE
> Task :react-native-vector-icons:generateReleaseResources UP-TO-DATE
> Task :react-native-vector-icons:packageReleaseResources UP-TO-DATE
> Task :app:mapReleaseSourceSetPaths
> Task :app:generateReleaseResources UP-TO-DATE
> Task :app:packageReleaseResources UP-TO-DATE
> Task :app:parseReleaseLocalResources UP-TO-DATE
> Task :app:createReleaseCompatibleScreenManifests UP-TO-DATE
> Task :app:extractDeepLinksRelease UP-TO-DATE
> Task :react-native-async-storage_async-storage:extractDeepLinksRelease UP-TO-DATE
> Task :react-native-async-storage_async-storage:processReleaseManifest UP-TO-DATE
> Task :react-native-clipboard_clipboard:extractDeepLinksRelease UP-TO-DATE
> Task :react-native-clipboard_clipboard:processReleaseManifest UP-TO-DATE
> Task :react-native-community_datetimepicker:extractDeepLinksRelease UP-TO-DATE
> Task :react-native-community_datetimepicker:processReleaseManifest UP-TO-DATE
> Task :react-native-community_netinfo:extractDeepLinksRelease UP-TO-DATE
> Task :react-native-community_netinfo:processReleaseManifest UP-TO-DATE
> Task :react-native-date-picker:extractDeepLinksRelease UP-TO-DATE
> Task :react-native-date-picker:processReleaseManifest UP-TO-DATE
> Task :react-native-document-picker:extractDeepLinksRelease UP-TO-DATE
> Task :react-native-document-picker:processReleaseManifest UP-TO-DATE
> Task :react-native-fs:extractDeepLinksRelease UP-TO-DATE
> Task :react-native-fs:processReleaseManifest UP-TO-DATE
> Task :react-native-gesture-handler:extractDeepLinksRelease
> Task :react-native-html-to-pdf:extractDeepLinksRelease UP-TO-DATE
> Task :react-native-html-to-pdf:processReleaseManifest UP-TO-DATE
> Task :react-native-image-crop-picker:extractDeepLinksRelease UP-TO-DATE
> Task :react-native-image-crop-picker:processReleaseManifest UP-TO-DATE
> Task :react-native-image-picker:extractDeepLinksRelease UP-TO-DATE
> Task :react-native-image-picker:processReleaseManifest UP-TO-DATE
> Task :react-native-masked-view_masked-view:extractDeepLinksRelease UP-TO-DATE
> Task :react-native-masked-view_masked-view:processReleaseManifest UP-TO-DATE
> Task :react-native-permissions:extractDeepLinksRelease UP-TO-DATE
> Task :react-native-permissions:processReleaseManifest UP-TO-DATE
> Task :react-native-picker_picker:extractDeepLinksRelease UP-TO-DATE
> Task :react-native-picker_picker:processReleaseManifest UP-TO-DATE
> Task :react-native-reanimated:extractDeepLinksRelease
> Task :react-native-safe-area-context:extractDeepLinksRelease UP-TO-DATE
> Task :react-native-safe-area-context:processReleaseManifest UP-TO-DATE
> Task :react-native-screens:extractDeepLinksRelease UP-TO-DATE
> Task :react-native-screens:processReleaseManifest UP-TO-DATE
> Task :react-native-sha256:extractDeepLinksRelease UP-TO-DATE
> Task :react-native-sha256:processReleaseManifest UP-TO-DATE
> Task :react-native-vector-icons:extractDeepLinksRelease UP-TO-DATE
> Task :react-native-vector-icons:processReleaseManifest UP-TO-DATE
> Task :react-native-async-storage_async-storage:compileReleaseLibraryResources UP-TO-DATE
> Task :react-native-async-storage_async-storage:parseReleaseLocalResources UP-TO-DATE
> Task :react-native-async-storage_async-storage:generateReleaseRFile UP-TO-DATE
> Task :react-native-clipboard_clipboard:compileReleaseLibraryResources UP-TO-DATE
> Task :react-native-clipboard_clipboard:parseReleaseLocalResources UP-TO-DATE
> Task :react-native-clipboard_clipboard:generateReleaseRFile UP-TO-DATE
> Task :react-native-community_datetimepicker:compileReleaseLibraryResources UP-TO-DATE
> Task :react-native-community_datetimepicker:parseReleaseLocalResources UP-TO-DATE
> Task :react-native-community_datetimepicker:generateReleaseRFile UP-TO-DATE
> Task :react-native-community_netinfo:compileReleaseLibraryResources UP-TO-DATE
> Task :react-native-community_netinfo:parseReleaseLocalResources UP-TO-DATE
> Task :react-native-community_netinfo:generateReleaseRFile UP-TO-DATE
> Task :react-native-date-picker:compileReleaseLibraryResources UP-TO-DATE
> Task :react-native-date-picker:parseReleaseLocalResources UP-TO-DATE
> Task :react-native-date-picker:generateReleaseRFile UP-TO-DATE
> Task :react-native-document-picker:compileReleaseLibraryResources UP-TO-DATE
> Task :react-native-document-picker:parseReleaseLocalResources UP-TO-DATE
> Task :react-native-document-picker:generateReleaseRFile UP-TO-DATE
> Task :react-native-fs:compileReleaseLibraryResources UP-TO-DATE
> Task :react-native-fs:parseReleaseLocalResources UP-TO-DATE
> Task :react-native-fs:generateReleaseRFile UP-TO-DATE
> Task :react-native-html-to-pdf:compileReleaseLibraryResources UP-TO-DATE
> Task :react-native-html-to-pdf:parseReleaseLocalResources UP-TO-DATE
> Task :react-native-html-to-pdf:generateReleaseRFile UP-TO-DATE
> Task :react-native-image-crop-picker:compileReleaseLibraryResources UP-TO-DATE
> Task :react-native-image-crop-picker:parseReleaseLocalResources UP-TO-DATE
> Task :react-native-image-crop-picker:generateReleaseRFile UP-TO-DATE
> Task :react-native-image-picker:compileReleaseLibraryResources UP-TO-DATE
> Task :react-native-image-picker:parseReleaseLocalResources UP-TO-DATE
> Task :react-native-image-picker:generateReleaseRFile UP-TO-DATE
> Task :react-native-masked-view_masked-view:compileReleaseLibraryResources UP-TO-DATE
> Task :react-native-masked-view_masked-view:parseReleaseLocalResources UP-TO-DATE
> Task :react-native-masked-view_masked-view:generateReleaseRFile UP-TO-DATE
> Task :react-native-permissions:compileReleaseLibraryResources UP-TO-DATE
> Task :react-native-permissions:parseReleaseLocalResources UP-TO-DATE
> Task :react-native-permissions:generateReleaseRFile UP-TO-DATE
> Task :react-native-picker_picker:compileReleaseLibraryResources UP-TO-DATE
> Task :react-native-picker_picker:parseReleaseLocalResources UP-TO-DATE
> Task :react-native-picker_picker:generateReleaseRFile UP-TO-DATE
> Task :react-native-reanimated:compileReleaseLibraryResources
> Task :react-native-gesture-handler:parseReleaseLocalResources
> Task :react-native-gesture-handler:compileReleaseLibraryResources
> Task :react-native-gesture-handler:processReleaseManifest
> Task :react-native-reanimated:processReleaseManifest
> Task :react-native-reanimated:parseReleaseLocalResources
> Task :react-native-gesture-handler:generateReleaseRFile
> Task :app:processReleaseMainManifest
> Task :app:processReleaseManifest
> Task :react-native-safe-area-context:compileReleaseLibraryResources UP-TO-DATE
> Task :react-native-safe-area-context:parseReleaseLocalResources UP-TO-DATE
> Task :react-native-safe-area-context:generateReleaseRFile UP-TO-DATE
> Task :react-native-screens:compileReleaseLibraryResources UP-TO-DATE
> Task :react-native-screens:parseReleaseLocalResources UP-TO-DATE
> Task :react-native-screens:generateReleaseRFile UP-TO-DATE
> Task :react-native-sha256:compileReleaseLibraryResources UP-TO-DATE
> Task :react-native-sha256:parseReleaseLocalResources UP-TO-DATE
> Task :react-native-sha256:generateReleaseRFile UP-TO-DATE
> Task :react-native-vector-icons:compileReleaseLibraryResources UP-TO-DATE
> Task :react-native-vector-icons:parseReleaseLocalResources UP-TO-DATE
> Task :react-native-vector-icons:generateReleaseRFile UP-TO-DATE
> Task :react-native-async-storage_async-storage:generateReleaseBuildConfig UP-TO-DATE
> Task :react-native-async-storage_async-storage:javaPreCompileRelease UP-TO-DATE
> Task :react-native-async-storage_async-storage:compileReleaseJavaWithJavac UP-TO-DATE
> Task :react-native-async-storage_async-storage:bundleLibCompileToJarRelease UP-TO-DATE
> Task :react-native-clipboard_clipboard:generateReleaseBuildConfig UP-TO-DATE
> Task :react-native-clipboard_clipboard:javaPreCompileRelease UP-TO-DATE
> Task :react-native-clipboard_clipboard:compileReleaseJavaWithJavac UP-TO-DATE
> Task :react-native-clipboard_clipboard:bundleLibCompileToJarRelease UP-TO-DATE
> Task :react-native-reanimated:generateReleaseRFile
> Task :react-native-community_datetimepicker:generateReleaseBuildConfig UP-TO-DATE
> Task :react-native-community_datetimepicker:javaPreCompileRelease UP-TO-DATE
> Task :react-native-community_datetimepicker:compileReleaseJavaWithJavac UP-TO-DATE
> Task :react-native-community_datetimepicker:bundleLibCompileToJarRelease UP-TO-DATE
> Task :react-native-community_netinfo:generateReleaseBuildConfig UP-TO-DATE
> Task :react-native-community_netinfo:javaPreCompileRelease UP-TO-DATE
> Task :react-native-community_netinfo:compileReleaseJavaWithJavac UP-TO-DATE
> Task :react-native-community_netinfo:bundleLibCompileToJarRelease UP-TO-DATE
> Task :react-native-date-picker:generateReleaseBuildConfig UP-TO-DATE
> Task :react-native-date-picker:javaPreCompileRelease UP-TO-DATE
> Task :react-native-date-picker:compileReleaseJavaWithJavac UP-TO-DATE
> Task :react-native-date-picker:bundleLibCompileToJarRelease UP-TO-DATE
> Task :react-native-document-picker:generateReleaseBuildConfig UP-TO-DATE
> Task :react-native-document-picker:javaPreCompileRelease UP-TO-DATE
> Task :react-native-document-picker:compileReleaseJavaWithJavac UP-TO-DATE
> Task :react-native-document-picker:bundleLibCompileToJarRelease UP-TO-DATE
> Task :react-native-fs:generateReleaseBuildConfig UP-TO-DATE
> Task :react-native-fs:javaPreCompileRelease UP-TO-DATE
> Task :react-native-fs:compileReleaseJavaWithJavac UP-TO-DATE
> Task :react-native-fs:bundleLibCompileToJarRelease UP-TO-DATE
> Task :react-native-gesture-handler:checkKotlinGradlePluginConfigurationErrors
> Task :react-native-gesture-handler:generateReleaseBuildConfig
> Task :react-native-reanimated:generateReleaseBuildConfig
> Task :react-native-reanimated:packageNdkLibs NO-SOURCE
> Task :react-native-html-to-pdf:generateReleaseBuildConfig UP-TO-DATE
> Task :react-native-reanimated:javaPreCompileRelease
> Task :react-native-html-to-pdf:javaPreCompileRelease UP-TO-DATE
> Task :react-native-gesture-handler:javaPreCompileRelease
> Task :app:mergeReleaseResources

> Task :react-native-reanimated:compileReleaseJavaWithJavac
.\gradlew.bat : Note: Some input files use or override a deprecated API.
At line:1 char:40
+ ... oject\android; .\gradlew.bat assembleRelease --no-daemon 2>&1 | Out-F ...
+                    ~~~~~~~~~~~~~~~~~~~~~~~~~~~~~~~~~~~~~~~~~~~~~~
    + CategoryInfo          : NotSpecified: (Note: Some inpu...deprecated API.:String) [], RemoteException
    + FullyQualifiedErrorId : NativeCommandError
 
Note: Recompile with -Xlint:deprecation for details.
Note: Some input files use unchecked or unsafe operations.
Note: Recompile with -Xlint:unchecked for details.

> Task :react-native-html-to-pdf:compileReleaseJavaWithJavac UP-TO-DATE
> Task :react-native-html-to-pdf:bundleLibCompileToJarRelease UP-TO-DATE
> Task :react-native-image-crop-picker:generateReleaseBuildConfig UP-TO-DATE
> Task :react-native-image-crop-picker:javaPreCompileRelease UP-TO-DATE
> Task :react-native-image-crop-picker:compileReleaseJavaWithJavac UP-TO-DATE
> Task :react-native-image-crop-picker:bundleLibCompileToJarRelease UP-TO-DATE
> Task :react-native-image-picker:generateReleaseBuildConfig UP-TO-DATE
> Task :react-native-image-picker:javaPreCompileRelease UP-TO-DATE
> Task :react-native-reanimated:bundleLibCompileToJarRelease
> Task :react-native-image-picker:compileReleaseJavaWithJavac UP-TO-DATE
> Task :react-native-masked-view_masked-view:generateReleaseBuildConfig
> Task :react-native-image-picker:bundleLibCompileToJarRelease
> Task :react-native-permissions:checkKotlinGradlePluginConfigurationErrors
> Task :react-native-masked-view_masked-view:javaPreCompileRelease
> Task :react-native-permissions:generateReleaseBuildConfig
> Task :react-native-masked-view_masked-view:compileReleaseJavaWithJavac
> Task :react-native-masked-view_masked-view:bundleLibCompileToJarRelease
> Task :react-native-permissions:javaPreCompileRelease
> Task :app:processReleaseManifestForPackage
> Task :react-native-picker_picker:generateReleaseBuildConfig
> Task :react-native-safe-area-context:checkKotlinGradlePluginConfigurationErrors
> Task :react-native-picker_picker:javaPreCompileRelease
> Task :react-native-safe-area-context:generateReleaseBuildConfig

> Task :react-native-picker_picker:compileReleaseJavaWithJavac
Note: Some input files use or override a deprecated API.
Note: Recompile with -Xlint:deprecation for details.

> Task :react-native-gesture-handler:compileReleaseKotlin
> Task :react-native-permissions:compileReleaseKotlin
> Task :app:processReleaseResources
> Task :react-native-picker_picker:bundleLibCompileToJarRelease
> Task :react-native-screens:checkKotlinGradlePluginConfigurationErrors
> Task :react-native-safe-area-context:javaPreCompileRelease
> Task :react-native-screens:generateReleaseBuildConfig
> Task :react-native-safe-area-context:compileReleaseKotlin
> Task :react-native-screens:compileReleaseKotlin
> Task :react-native-screens:javaPreCompileRelease
> Task :react-native-sha256:generateReleaseBuildConfig
> Task :react-native-sha256:javaPreCompileRelease
> Task :react-native-vector-icons:generateReleaseBuildConfig
> Task :react-native-sha256:compileReleaseJavaWithJavac
> Task :react-native-vector-icons:javaPreCompileRelease
> Task :react-native-sha256:bundleLibCompileToJarRelease
> Task :app:buildKotlinToolingMetadata

> Task :react-native-vector-icons:compileReleaseJavaWithJavac
Note: Some input files use or override a deprecated API.
Note: Recompile with -Xlint:deprecation for details.

> Task :react-native-permissions:compileReleaseKotlin
w: file:///C:/EEU_Project/EEU_Project/node_modules/react-native-permissions/android/src/oldarch/com/zoontek/rnpermissions/RNPermissionsModule.kt:60:28 Parameter 'options' is never used
w: file:///C:/EEU_Project/EEU_Project/node_modules/react-native-permissions/android/src/oldarch/com/zoontek/rnpermissions/RNPermissionsModule.kt:80:31 Parameter 'purposeKey' is never used

> Task :app:javaPreCompileRelease
> Task :react-native-vector-icons:bundleLibCompileToJarRelease
> Task :app:copyReactNativeVectorIconFonts
> Task :app:extractProguardFiles
> Task :react-native-async-storage_async-storage:processReleaseJavaRes NO-SOURCE
> Task :react-native-async-storage_async-storage:bundleLibRuntimeToJarRelease
> Task :react-native-async-storage_async-storage:extractProguardFiles
> Task :react-native-permissions:compileReleaseJavaWithJavac
> Task :react-native-permissions:bundleLibCompileToJarRelease
> Task :react-native-async-storage_async-storage:createFullJarRelease

> Task :react-native-gesture-handler:compileReleaseKotlin
w: file:///C:/EEU_Project/EEU_Project/node_modules/react-native-gesture-handler/android/src/main/java/com/swmansion/gesturehandler/RNGestureHandlerPackage.kt:69:42 'constructor ReactModuleInfo(String, String, Boolean, Boolean, Boolean, Boolean, Boolean)' is deprecated. use ReactModuleInfo(String, String, boolean, boolean, boolean, boolean)]
w: file:///C:/EEU_Project/EEU_Project/node_modules/react-native-gesture-handler/android/src/main/java/com/swmansion/gesturehandler/core/FlingGestureHandler.kt:25:26 Parameter 'event' is never used
w: file:///C:/EEU_Project/EEU_Project/node_modules/react-native-gesture-handler/android/src/main/java/com/swmansion/gesturehandler/react/RNGestureHandlerButtonViewManager.kt:72:62 The corresponding parameter in the supertype 'ViewGroupManager' is named 'borderRadius'. This may cause problems when calling this function with named arguments.
w: file:///C:/EEU_Project/EEU_Project/node_modules/react-native-gesture-handler/android/src/main/java/com/swmansion/gesturehandler/react/RNGestureHandlerButtonViewManager.kt:77:63 The corresponding parameter in the supertype 'ViewGroupManager' is named 'borderRadius'. This may cause problems when calling this function with named arguments.
w: file:///C:/EEU_Project/EEU_Project/node_modules/react-native-gesture-handler/android/src/main/java/com/swmansion/gesturehandler/react/RNGestureHandlerButtonViewManager.kt:82:65 The corresponding parameter in the supertype 'ViewGroupManager' is named 'borderRadius'. This may cause problems when calling this function with named arguments.
w: file:///C:/EEU_Project/EEU_Project/node_modules/react-native-gesture-handler/android/src/main/java/com/swmansion/gesturehandler/react/RNGestureHandlerButtonViewManager.kt:87:66 The corresponding parameter in the supertype 'ViewGroupManager' is named 'borderRadius'. This may cause problems when calling this function with named arguments.

> Task :react-native-screens:compileReleaseKotlin
w: file:///C:/EEU_Project/EEU_Project/node_modules/react-native-screens/android/src/main/java/com/swmansion/rnscreens/RNScreensPackage.kt:58:17 'constructor ReactModuleInfo(String, String, Boolean, Boolean, Boolean, Boolean, Boolean)' is deprecated. use ReactModuleInfo(String, String, boolean, boolean, boolean, boolean)]
w: file:///C:/EEU_Project/EEU_Project/node_modules/react-native-screens/android/src/main/java/com/swmansion/rnscreens/ScreenContainer.kt:33:53 'FrameCallback' is deprecated. Use Choreographer.FrameCallback instead
w: file:///C:/EEU_Project/EEU_Project/node_modules/react-native-screens/android/src/main/java/com/swmansion/rnscreens/ScreenContainer.kt:34:38 'FrameCallback' is deprecated. Use Choreographer.FrameCallback instead
w: file:///C:/EEU_Project/EEU_Project/node_modules/react-native-screens/android/src/main/java/com/swmansion/rnscreens/ScreenStackHeaderConfig.kt:101:38 'getter for systemWindowInsetTop: Int' is deprecated. Deprecated in Java
w: file:///C:/EEU_Project/EEU_Project/node_modules/react-native-screens/android/src/main/java/com/swmansion/rnscreens/ScreenStackHeaderConfigViewManager.kt:6:34 'MapBuilder' is deprecated. Deprecated in Java
w: file:///C:/EEU_Project/EEU_Project/node_modules/react-native-screens/android/src/main/java/com/swmansion/rnscreens/ScreenStackHeaderConfigViewManager.kt:191:9 'MapBuilder' is deprecated. Deprecated in Java
w: file:///C:/EEU_Project/EEU_Project/node_modules/react-native-screens/android/src/main/java/com/swmansion/rnscreens/ScreenStackHeaderConfigViewManager.kt:193:13 'MapBuilder' is deprecated. Deprecated in Java
w: file:///C:/EEU_Project/EEU_Project/node_modules/react-native-screens/android/src/main/java/com/swmansion/rnscreens/ScreenStackHeaderConfigViewManager.kt:195:13 'MapBuilder' is deprecated. Deprecated in Java
w: file:///C:/EEU_Project/EEU_Project/node_modules/react-native-screens/android/src/main/java/com/swmansion/rnscreens/ScreenViewManager.kt:5:34 'MapBuilder' is deprecated. Deprecated in Java
w: file:///C:/EEU_Project/EEU_Project/node_modules/react-native-screens/android/src/main/java/com/swmansion/rnscreens/ScreenViewManager.kt:287:48 'MapBuilder' is deprecated. Deprecated in Java
w: file:///C:/EEU_Project/EEU_Project/node_modules/react-native-screens/android/src/main/java/com/swmansion/rnscreens/ScreenViewManager.kt:288:49 'MapBuilder' is deprecated. Deprecated in Java
w: file:///C:/EEU_Project/EEU_Project/node_modules/react-native-screens/android/src/main/java/com/swmansion/rnscreens/ScreenViewManager.kt:289:45 'MapBuilder' is deprecated. Deprecated in Java
w: file:///C:/EEU_Project/EEU_Project/node_modules/react-native-screens/android/src/main/java/com/swmansion/rnscreens/ScreenViewManager.kt:290:52 'MapBuilder' is deprecated. Deprecated in Java
w: file:///C:/EEU_Project/EEU_Project/node_modules/react-native-screens/android/src/main/java/com/swmansion/rnscreens/ScreenViewManager.kt:291:48 'MapBuilder' is deprecated. Deprecated in Java
w: file:///C:/EEU_Project/EEU_Project/node_modules/react-native-screens/android/src/main/java/com/swmansion/rnscreens/ScreenViewManager.kt:292:51 'MapBuilder' is deprecated. Deprecated in Java
w: file:///C:/EEU_Project/EEU_Project/node_modules/react-native-screens/android/src/main/java/com/swmansion/rnscreens/ScreenViewManager.kt:293:56 'MapBuilder' is deprecated. Deprecated in Java
w: file:///C:/EEU_Project/EEU_Project/node_modules/react-native-screens/android/src/main/java/com/swmansion/rnscreens/ScreenViewManager.kt:294:57 'MapBuilder' is deprecated. Deprecated in Java
w: file:///C:/EEU_Project/EEU_Project/node_modules/react-native-screens/android/src/main/java/com/swmansion/rnscreens/ScreenWindowTraits.kt:62:53 'getter for statusBarColor: Int' is deprecated. Deprecated in Java
w: file:///C:/EEU_Project/EEU_Project/node_modules/react-native-screens/android/src/main/java/com/swmansion/rnscreens/ScreenWindowTraits.kt:73:48 'getter for statusBarColor: Int' is deprecated. Deprecated in Java
w: file:///C:/EEU_Project/EEU_Project/node_modules/react-native-screens/android/src/main/java/com/swmansion/rnscreens/ScreenWindowTraits.kt:76:32 'setter for statusBarColor: Int' is deprecated. Deprecated in Java
w: file:///C:/EEU_Project/EEU_Project/node_modules/react-native-screens/android/src/main/java/com/swmansion/rnscreens/ScreenWindowTraits.kt:146:47 'replaceSystemWindowInsets(Int, Int, Int, Int): WindowInsetsCompat' is deprecated. Deprecated in Java
w: file:///C:/EEU_Project/EEU_Project/node_modules/react-native-screens/android/src/main/java/com/swmansion/rnscreens/ScreenWindowTraits.kt:147:51 'getter for systemWindowInsetLeft: Int' is deprecated. Deprecated in Java
w: file:///C:/EEU_Project/EEU_Project/node_modules/react-native-screens/android/src/main/java/com/swmansion/rnscreens/ScreenWindowTraits.kt:149:51 'getter for systemWindowInsetRight: Int' is deprecated. Deprecated in Java
w: file:///C:/EEU_Project/EEU_Project/node_modules/react-native-screens/android/src/main/java/com/swmansion/rnscreens/ScreenWindowTraits.kt:150:51 'getter for systemWindowInsetBottom: Int' is deprecated. Deprecated in Java
w: file:///C:/EEU_Project/EEU_Project/node_modules/react-native-screens/android/src/main/java/com/swmansion/rnscreens/ScreenWindowTraits.kt:197:72 'getter for navigationBarColor: Int' is deprecated. Deprecated in Java
w: file:///C:/EEU_Project/EEU_Project/node_modules/react-native-screens/android/src/main/java/com/swmansion/rnscreens/ScreenWindowTraits.kt:203:16 'setter for navigationBarColor: Int' is deprecated. Deprecated in Java
w: file:///C:/EEU_Project/EEU_Project/node_modules/react-native-screens/android/src/main/java/com/swmansion/rnscreens/SearchBarManager.kt:5:34 'MapBuilder' is deprecated. Deprecated in Java
w: file:///C:/EEU_Project/EEU_Project/node_modules/react-native-screens/android/src/main/java/com/swmansion/rnscreens/SearchBarManager.kt:138:66 Elvis operator (?:) always returns the left operand of non-nullable type Boolean
w: file:///C:/EEU_Project/EEU_Project/node_modules/react-native-screens/android/src/main/java/com/swmansion/rnscreens/SearchBarManager.kt:142:9 'MapBuilder' is deprecated. Deprecated in Java
w: file:///C:/EEU_Project/EEU_Project/node_modules/react-native-screens/android/src/main/java/com/swmansion/rnscreens/SearchBarManager.kt:144:13 'MapBuilder' is deprecated. Deprecated in Java
w: file:///C:/EEU_Project/EEU_Project/node_modules/react-native-screens/android/src/main/java/com/swmansion/rnscreens/SearchBarManager.kt:146:13 'MapBuilder' is deprecated. Deprecated in Java
w: file:///C:/EEU_Project/EEU_Project/node_modules/react-native-screens/android/src/main/java/com/swmansion/rnscreens/SearchBarManager.kt:148:13 'MapBuilder' is deprecated. Deprecated in Java
w: file:///C:/EEU_Project/EEU_Project/node_modules/react-native-screens/android/src/main/java/com/swmansion/rnscreens/SearchBarManager.kt:150:13 'MapBuilder' is deprecated. Deprecated in Java
w: file:///C:/EEU_Project/EEU_Project/node_modules/react-native-screens/android/src/main/java/com/swmansion/rnscreens/SearchBarManager.kt:152:13 'MapBuilder' is deprecated. Deprecated in Java
w: file:///C:/EEU_Project/EEU_Project/node_modules/react-native-screens/android/src/main/java/com/swmansion/rnscreens/SearchBarManager.kt:154:13 'MapBuilder' is deprecated. Deprecated in Java
w: file:///C:/EEU_Project/EEU_Project/node_modules/react-native-screens/android/src/main/java/com/swmansion/rnscreens/SearchBarView.kt:153:43 Parameter 'flag' is never used
w: file:///C:/EEU_Project/EEU_Project/node_modules/react-native-screens/android/src/paper/java/com/swmansion/rnscreens/FabricEnabledViewGroup.kt:10:25 Parameter 'wrapper' is never used
w: file:///C:/EEU_Project/EEU_Project/node_modules/react-native-screens/android/src/paper/java/com/swmansion/rnscreens/FabricEnabledViewGroup.kt:13:9 Parameter 'width' is never used
w: file:///C:/EEU_Project/EEU_Project/node_modules/react-native-screens/android/src/paper/java/com/swmansion/rnscreens/FabricEnabledViewGroup.kt:14:9 Parameter 'height' is never used
w: file:///C:/EEU_Project/EEU_Project/node_modules/react-native-screens/android/src/paper/java/com/swmansion/rnscreens/FabricEnabledViewGroup.kt:15:9 Parameter 'headerHeight' is never used
w: file:///C:/EEU_Project/EEU_Project/node_modules/react-native-screens/android/src/paper/java/com/swmansion/rnscreens/NativeProxy.kt:7:36 Parameter 'fabricUIManager' is never used
w: file:///C:/EEU_Project/EEU_Project/node_modules/react-native-screens/android/src/paper/java/com/swmansion/rnscreens/NativeProxy.kt:11:13 Parameter 'tag' is never used
w: file:///C:/EEU_Project/EEU_Project/node_modules/react-native-screens/android/src/paper/java/com/swmansion/rnscreens/NativeProxy.kt:12:13 Parameter 'view' is never used
w: file:///C:/EEU_Project/EEU_Project/node_modules/react-native-screens/android/src/paper/java/com/swmansion/rnscreens/NativeProxy.kt:15:33 Parameter 'tag' is never used

> Task :react-native-async-storage_async-storage:generateReleaseLintModel

> Task :react-native-gesture-handler:compileReleaseJavaWithJavac
Note: C:\EEU_Project\EEU_Project\node_modules\react-native-gesture-handler\android\paper\src\main\java\com\swmansion\ge
sturehandler\NativeRNGestureHandlerModuleSpec.java uses or overrides a deprecated API.
Note: Recompile with -Xlint:deprecation for details.

> Task :react-native-gesture-handler:bundleLibCompileToJarRelease

> Task :react-native-safe-area-context:compileReleaseJavaWithJavac
Note: C:\EEU_Project\EEU_Project\node_modules\react-native-safe-area-context\android\src\paper\java\com\th3rdwave\safea
reacontext\NativeSafeAreaContextSpec.java uses or overrides a deprecated API.

> Task :react-native-safe-area-context:bundleLibCompileToJarRelease
Note: Recompile with -Xlint:deprecation for details.

> Task :react-native-screens:compileReleaseJavaWithJavac
Note: C:\EEU_Project\EEU_Project\node_modules\react-native-screens\android\src\paper\java\com\swmansion\rnscreens\Nativ
eScreensModuleSpec.java uses or overrides a deprecated API.
Note: Recompile with -Xlint:deprecation for details.

> Task :react-native-async-storage_async-storage:prepareLintJarForPublish
> Task :react-native-clipboard_clipboard:processReleaseJavaRes NO-SOURCE
> Task :react-native-clipboard_clipboard:bundleLibRuntimeToJarRelease
> Task :react-native-clipboard_clipboard:extractProguardFiles
> Task :react-native-screens:bundleLibCompileToJarRelease
> Task :react-native-clipboard_clipboard:createFullJarRelease
> Task :react-native-clipboard_clipboard:generateReleaseLintModel
> Task :react-native-clipboard_clipboard:prepareLintJarForPublish
> Task :react-native-community_datetimepicker:processReleaseJavaRes NO-SOURCE
> Task :react-native-community_datetimepicker:extractProguardFiles
> Task :react-native-community_datetimepicker:bundleLibRuntimeToJarRelease
> Task :react-native-community_datetimepicker:generateReleaseLintModel
> Task :react-native-community_datetimepicker:createFullJarRelease
> Task :react-native-community_datetimepicker:prepareLintJarForPublish
> Task :react-native-community_netinfo:processReleaseJavaRes NO-SOURCE
> Task :react-native-community_netinfo:bundleLibRuntimeToJarRelease
> Task :react-native-community_netinfo:extractProguardFiles
> Task :react-native-community_netinfo:createFullJarRelease
> Task :react-native-community_netinfo:generateReleaseLintModel
> Task :react-native-community_netinfo:prepareLintJarForPublish
> Task :react-native-date-picker:processReleaseJavaRes NO-SOURCE
> Task :react-native-date-picker:extractProguardFiles
> Task :react-native-date-picker:bundleLibRuntimeToJarRelease
> Task :react-native-date-picker:generateReleaseLintModel
> Task :react-native-date-picker:createFullJarRelease
> Task :react-native-date-picker:prepareLintJarForPublish
> Task :react-native-document-picker:processReleaseJavaRes NO-SOURCE
> Task :react-native-document-picker:bundleLibRuntimeToJarRelease
> Task :react-native-document-picker:extractProguardFiles
> Task :react-native-document-picker:createFullJarRelease
> Task :react-native-document-picker:generateReleaseLintModel
> Task :react-native-document-picker:prepareLintJarForPublish
> Task :react-native-fs:processReleaseJavaRes NO-SOURCE
> Task :react-native-fs:bundleLibRuntimeToJarRelease
> Task :react-native-fs:extractProguardFiles
> Task :react-native-fs:createFullJarRelease
> Task :react-native-fs:generateReleaseLintModel
> Task :react-native-fs:prepareLintJarForPublish
> Task :react-native-gesture-handler:processReleaseJavaRes
> Task :react-native-gesture-handler:bundleLibRuntimeToJarRelease
> Task :react-native-gesture-handler:extractProguardFiles
> Task :react-native-gesture-handler:createFullJarRelease
> Task :react-native-reanimated:processReleaseJavaRes NO-SOURCE
> Task :react-native-reanimated:bundleLibRuntimeToJarRelease
> Task :react-native-reanimated:extractProguardFiles
> Task :react-native-reanimated:createFullJarRelease
> Task :app:compileReleaseKotlin
> Task :react-native-reanimated:generateReleaseLintModel

> Task :app:compileReleaseJavaWithJavac FAILED
C:\EEU_Project\EEU_Project\android\app\build\generated\autolinking\src\main\java\com\facebook\react\PackageList.java:52
: error: duplicate class: com.facebook.react.PackageList
public class PackageList {
       ^
1 error

FAILURE: Build failed with an exception.

* What went wrong:
Execution failed for task ':app:compileReleaseJavaWithJavac'.
> Compilation failed; see the compiler error output for details.

* Try:
> Run with --info option to get more log output.
> Run with --scan to get full insights.

Deprecated Gradle features were used in this build, making it incompatible with Gradle 9.0.

You can use '--warning-mode all' to show the individual deprecation warnings and determine if they come from your own scripts or plugins.

For more on this, please refer to https://docs.gradle.org/8.10.2/userguide/command_line_interface.html#sec:command_line_warnings in the Gradle documentation.

BUILD FAILED in 1h 12m 47s
337 actionable tasks: 127 executed, 210 up-to-date
